// Jest Snapshot v1, https://goo.gl/fbAQLP

exports[`<Info /> should match last snapshot 1`] = `
<div>
  <nav>
    <button
      class="ant-btn mainPageButton ant-btn-primary ant-btn-round ant-btn-lg"
      type="button"
    >
      <i
        aria-label="icon: left-circle"
        class="anticon anticon-left-circle"
      >
        <svg
          aria-hidden="true"
          class=""
          data-icon="left-circle"
          fill="currentColor"
          focusable="false"
          height="1em"
          viewBox="64 64 896 896"
          width="1em"
        >
          <path
            d="M603.3 327.5l-246 178a7.95 7.95 0 0 0 0 12.9l246 178c5.3 3.8 12.7 0 12.7-6.5V643c0-10.2-4.9-19.9-13.2-25.9L457.4 512l145.4-105.2c8.3-6 13.2-15.6 13.2-25.9V334c0-6.5-7.4-10.3-12.7-6.5z"
          />
          <path
            d="M512 64C264.6 64 64 264.6 64 512s200.6 448 448 448 448-200.6 448-448S759.4 64 512 64zm0 820c-205.4 0-372-166.6-372-372s166.6-372 372-372 372 166.6 372 372-166.6 372-372 372z"
          />
        </svg>
      </i>
      <span>
        BACK
      </span>
    </button>
    <img
      alt="Black Swan Data logo"
      class="infoPageLogo"
      src="black_swan_logo.png"
    />
    <div />
  </nav>
  <main>
    <div
      class="card"
    >
      <h2>
        User Info:
      </h2>
      <img
        alt="User Avatar"
        class="userAvatar"
        src="fake/avatar/path"
      />
      <h3>
        User name: 
        Roberto
      </h3>
      <h3>
        Company: 
        Black Swan Data
      </h3>
      <h3>
        Email: 
        carboni@robertocarboni.it
      </h3>
      <h3>
        Followers: 
        100
      </h3>
      <h3>
        Following: 
        100
      </h3>
    </div>
    <div
      class="card"
    >
      <h2>
        User Repositories: 
        1
      </h2>
      <div
        class="cardContent"
      >
        <a
          href="test1/repos/url"
        >
          test1
        </a>
      </div>
    </div>
    <div
      class="card"
    >
      <h2>
        User Organizations: 
        1
      </h2>
      <div
        class="cardContent"
      >
        <a
          href="test1/orgs/url"
        >
          <img
            alt="1 Organization Avatar"
            class="orgAvatar"
            src="test1/avatar/url"
          />
          test1
        </a>
      </div>
    </div>
  </main>
</div>
`;
